STAGE=G5-00
RUNNER=tools/20_g5_00_quality_triage.py
STAGE=G5-00
STATUS=PASS
BRANCH=library-refactor-v1
HEAD=a042ecf898feaba6fc81d543a10e0188db8b2b12
PYTHON_EXECUTABLE=D:\python\python.exe
PYTHON_VERSION=3.13.15
G4_STATUS=CLOSED
G4_INT_R_STATUS=PASS
INPUT_PDF_ROWS=29
UNIQUE_INPUT_PATHS=29
UNIQUE_INPUT_SHA256=29
FINAL_Q_ASSIGNED=29
FINAL_Q_UNASSIGNED=0
PDF_QUALITY_RATING_RATE=100.0
Q0_COUNT=19
Q1_COUNT=3
Q2_COUNT=7
Q3_COUNT=0
Q4_COUNT=0
Q5_COUNT=0
DIRECT_PDF_TYPE_TO_FINAL_Q_MAPPING=0
DIRECT_MACHINE_ROUTING_TO_FINAL_Q_MAPPING=0
ASSIGNED_Q_WITHOUT_INDEPENDENT_EVIDENCE=0
VISUAL_REVIEW_REQUIRED_INPUT=10
VISUAL_REVIEW_COMPLETED=10
VISUAL_REVIEW_UNRESOLVED=0
ISSUE_CODED_ABNORMAL_PDFS=10
ABNORMAL_PDFS_WITHOUT_ISSUE_CODE=0
ROUTED_ROWS=29
UNROUTED_GRADED_ROWS=0
NO_PDF_REPAIR_COUNT=22
OCR_REPAIR_COUNT=7
IMAGE_REPAIR_AND_OCR_COUNT=0
SOURCE_REACQUISITION_COUNT=0
QUARANTINE_AND_REACQUISITION_COUNT=0
MANUAL_REVIEW_ROUTE_COUNT=0
OCR_RUN=0
OCR_OUTPUT_FILES=0
PDF_REPAIR_RUN=0
REPAIRED_PDF_FILES=0
SOURCE_REACQUISITION_RUN=0
REPLACEMENT_FILES_DOWNLOADED=0
MARKDOWN_EXTRACTION_RUN=0
MARKDOWN_ARTIFACTS_GENERATED=0
REPAIR_MANIFEST_REPAIR_ENTRIES_ADDED=0
SOURCE_SHA_MISMATCH=0
ORIGINAL_SHA_CHANGED_AFTER_G5_00=0
G1_CATALOG_MODIFIED=0
G2_CATALOG_MODIFIED=0
G3_CATALOG_MODIFIED=0
G4_15_OUTPUT_MODIFIED=0
G4_25R_OUTPUT_MODIFIED=0
G4_INT_R_OUTPUT_MODIFIED=0
ORIGINAL_FILES_MODIFIED=0
ORIGINAL_FILES_DELETED=0
ORIGINAL_FILES_MOVED_OR_RENAMED=0
ISSUES=NONE
BLOCKER=NONE
