STAGE=G5-25-OCR-R
STATUS=PASS
BRANCH=library-refactor-v1
HEAD=a042ecf898feaba6fc81d543a10e0188db8b2b12
PYTHON_EXECUTABLE=D:\python\python.exe
PYTHON_VERSION=3.13.15
OCR_ENGINE=tesseract.js
OCR_ENGINE_VERSION=7.0.0
PDF_BACKEND=Poppler/pdfinfo
PDF_BACKEND_VERSION=26.05.0
G5_00_STATUS=PASS
G5_25D_STATUS=PASS
OCR_REQUIRED_LANGUAGES=chi_sim+eng
TRAINEDDATA_LOCAL_PATH=.bootstrap/ocr/tesseract-data
TRAINEDDATA_FILES_PRESENT=2
TRAINEDDATA_SHA256_VERIFIED=1
RUNTIME_NETWORK_REQUIRED_FOR_LANG_DATA=0
LANGUAGE_MODEL_LOAD_FAILURES=0
OCR_WORKSET_ROWS=7
UNIQUE_OCR_SOURCE_PATHS=7
UNIQUE_OCR_SOURCE_SHA256=7
OCR_WORKSET_YEAR_2025=7
OCR_WORKSET_OTHER_YEARS=0
FORMAL_OCR_RUN=1
OCR_RUN=1
Q2_REPAIR_ATTEMPTED=7
Q2_REPAIR_SUCCEEDED=7
Q2_REPAIR_FAILED=0
Q2_REPAIR_BLOCKED=0
OCR_INPUT_PAGES=516
OCR_PROCESSED_PAGES=516
OCR_NEWLY_PROCESSED_PAGES=0
OCR_SKIPPED_PAGES=0
PAGE_ZERO_IN_OCR_INPUT=0
OUT_OF_RANGE_OCR_PAGES=0
OCR_OUTPUT_FILES=7
OCR_OUTPUT_OPEN_FAILED=0
PAGE_COUNT_MISMATCH=0
OCR_TEXT_LAYER_IMPROVED_FILES=7
OCR_TEXT_LAYER_NOT_IMPROVED_FILES=0
REPAIR_MANIFEST_ENTRIES_ADDED=7
REPAIR_MANIFEST_ENTRIES_ADDED_THIS_RUN=0
REPAIR_MANIFEST_ENTRIES_PRESENT=7
DERIVED_WITHOUT_SOURCE_SHA=0
DERIVED_WITHOUT_DERIVED_SHA=0
DERIVED_WITHOUT_TOOL_VERSION=0
DERIVED_WITHOUT_LANGUAGE_DEPENDENCY_REF=0
CACHE_REUSED_ROWS=7
DUPLICATE_DERIVATIVE_FILES=0
DUPLICATE_REPAIR_MANIFEST_ENTRIES=0
IDEMPOTENCY_PASS=1
Q0_Q1_FILES_TOUCHED=0
NON_WORKSET_FILES_OCR_ATTEMPTED=0
PDF_INSPECTOR_RUN=0
PDF_INSPECTOR_MODIFIED=0
IMAGE_REPAIR_RUN=0
SOURCE_REACQUISITION_RUN=0
REPLACEMENT_FILES_DOWNLOADED=0
QUARANTINE_ACTION_RUN=0
MARKDOWN_EXTRACTION_RUN=0
MARKDOWN_ARTIFACTS_GENERATED=0
SOURCE_SHA_MISMATCH=0
ORIGINAL_SHA_CHANGED_AFTER_OCR=0
G1_CATALOG_MODIFIED=0
G2_CATALOG_MODIFIED=0
G3_CATALOG_MODIFIED=0
G4_OUTPUT_MODIFIED=0
G5_00_QUALITY_CATALOG_MODIFIED=0
G5_00_ROUTING_CATALOG_MODIFIED=0
G5_25D_DEPENDENCY_MANIFEST_MODIFIED=0
G5_25D_TRAINEDDATA_MODIFIED=0
ORIGINAL_FILES_MODIFIED=0
ORIGINAL_FILES_DELETED=0
ORIGINAL_FILES_MOVED_OR_RENAMED=0
G5_25_OCR_RUNNER_MODIFIED_DURING_RERUN=1
ISSUES=NONE
BLOCKER=NONE
