STAGE=G5-INT
STATUS=PASS
BRANCH=library-refactor-v1
HEAD=a042ecf898feaba6fc81d543a10e0188db8b2b12
PYTHON_EXECUTABLE=D:\python\python.exe
PYTHON_VERSION=3.13.15
G4_STATUS=CLOSED
G5_00_STATUS=PASS
G5_25D_STATUS=PASS
G5_25_OCR_R_STATUS=PASS
G5_TOTAL_PDFS=29
UNIQUE_SOURCE_PATHS=29
UNIQUE_SOURCE_SHA256=29
NO_PDF_REPAIR_REQUIRED=22
OCR_REPAIR_REQUIRED=7
IMAGE_REPAIR_AND_OCR_REQUIRED=0
SOURCE_REACQUISITION_REQUIRED=0
QUARANTINE_AND_REACQUISITION_REQUIRED=0
MANUAL_REVIEW_REQUIRED=0
NO_PDF_REPAIR_COMPLETED=22
NO_REPAIR_OBJECTS_WITH_DERIVED_OCR=0
NO_REPAIR_OBJECTS_WITH_REPAIR_MANIFEST_SUCCESS=0
OCR_REPAIR_RESULT_ROWS=7
OCR_REPAIR_DERIVATIVES=7
OCR_REPAIR_MANIFEST_SUCCESS_ENTRIES=7
OCR_REPAIR_COMPLETED=7
OCR_REPAIR_FAILED=0
MISSING_OCR_RESULT_ROWS=0
EXTRA_OCR_RESULT_ROWS=0
DUPLICATE_OCR_RESULT_ROWS=0
DERIVED_EXPECTED=7
DERIVED_PRESENT=7
DERIVED_MISSING=0
DERIVED_EXTRA_FOR_WORKSET=0
DERIVED_SHA_MISMATCH_WITH_RESULTS=0
DERIVED_SHA_MISMATCH_WITH_MANIFEST=0
OCR_OUTPUT_OPEN_FAILED=0
PAGE_COUNT_MISMATCH=0
OCR_TEXT_LAYER_IMPROVED_FILES=7
OCR_TEXT_LAYER_NOT_IMPROVED_FILES=0
OCR_SUCCESS_MANIFEST_ENTRIES=7
MANIFEST_MISSING_SOURCE_SHA=0
MANIFEST_MISSING_DERIVED_SHA=0
MANIFEST_MISSING_TOOL_VERSION=0
MANIFEST_MISSING_LANGUAGE_DEPENDENCY_REF=0
MANIFEST_MISSING_QA_STATUS=0
DUPLICATE_REPAIR_MANIFEST_ENTRIES=0
DEPENDENCY_PROVENANCE_COMPLETE=1
OCR_RUNNER_CONTRACT_DRIFT=0
Q0_Q1_FILES_TOUCHED=0
NON_WORKSET_FILES_OCR_ATTEMPTED=0
OCR_RUN=0
NEW_OCR_OUTPUT_FILES=0
IMAGE_REPAIR_RUN=0
SOURCE_REACQUISITION_RUN=0
REPLACEMENT_FILES_DOWNLOADED=0
QUARANTINE_ACTION_RUN=0
MARKDOWN_EXTRACTION_RUN=0
MARKDOWN_ARTIFACTS_GENERATED=0
NO_REPAIR_REQUIRED=22
NO_REPAIR_COMPLETED=22
IMAGE_REPAIR_REQUIRED=0
IMAGE_REPAIR_COMPLETED=0
SOURCE_REACQUISITION_COMPLETED=0
QUARANTINE_REQUIRED=0
QUARANTINE_COMPLETED=0
G5_ACTIONABLE_WORK_ITEMS=7
G5_ACTIONABLE_WORK_ITEMS_COMPLETED=7
G5_ACTIONABLE_COMPLETION_RATE=100%
UNRESOLVED_G5_WORK_ITEMS=0
SOURCE_SHA_MISMATCH=0
ORIGINAL_SHA_CHANGED_AFTER_G5=0
G1_CATALOG_MODIFIED=0
G2_CATALOG_MODIFIED=0
G3_CATALOG_MODIFIED=0
G4_OUTPUT_MODIFIED=0
G5_00_QUALITY_CATALOG_MODIFIED=0
G5_00_ROUTING_CATALOG_MODIFIED=0
G5_25D_DEPENDENCY_MANIFEST_MODIFIED=0
G5_25D_TRAINEDDATA_MODIFIED=0
ORIGINAL_FILES_MODIFIED=0
ORIGINAL_FILES_DELETED=0
ORIGINAL_FILES_MOVED_OR_RENAMED=0
DUPLICATE_G5_CLOSURE_ROWS=0
IDEMPOTENCY_PASS=1
