STAGE=G6-00H
STATUS=PASS
BRANCH=library-refactor-v1
HEAD=a042ecf898feaba6fc81d543a10e0188db8b2b12
PYTHON_EXECUTABLE=D:\python\python.exe
PYTHON_VERSION=3.13.15
TARGET_ENTITY_ROWS=1
TARGET_PAPER_ID=CUMCM-2015-D-002
TARGET_MEMBER_FILE_COUNT=3
TARGET_PRIMARY_MEMBER=2015年数学建模国赛真题+优秀论文/2015年赛题/2015年国赛D题.doc
TARGET_ATTACHMENT_COUNT=2
DIRECTORY_SUBJECT_SIGNAL=PROBLEM_PACKAGE_STRONG
SIBLING_PATTERN_SUPPORTS_PROBLEM_PACKAGE=1
FILENAME_PATTERN_SUPPORTS_PROBLEM_PACKAGE=1
TARGET_SUBJECT_TYPE=PROBLEM_PACKAGE
TARGET_SUBJECT_TYPE_RESOLVED=1
TARGET_SUBJECT_TYPE_AMBIGUOUS=0
TARGET_ARTIFACT_ELIGIBLE=0
TARGET_ARTIFACT_ELIGIBILITY_RESOLVED=1
TARGET_PAPER_ARTIFACT_EXCLUSION_REQUIRED=1
DOC_EXTRACTION_CONTRACT_REQUIRED=0
PILOT_UNIQUE_IDENTITIES=28
PILOT_ARTIFACT_ELIGIBLE_PAPERS=27
PILOT_ARTIFACT_INELIGIBLE_ENTITIES=1
EXPECTED_PRIMARY_G6_ARTIFACTS_PREVIEW=81
OTHER_ARTIFACT_ELIGIBILITY_REVIEW_CANDIDATES=5
G3_IDENTITY_MODIFIED=0
G3_MEMBERSHIP_MODIFIED=0
G4_OUTPUT_MODIFIED=0
G5_OUTPUT_MODIFIED=0
G5_REPAIR_MANIFEST_MODIFIED=0
G5_OCR_DERIVATIVES_MODIFIED=0
G6_HISTORY_MODIFIED=0
SOURCE_SHA_MISMATCH=0
ORIGINAL_FILES_MODIFIED=0
ORIGINAL_FILES_DELETED=0
ORIGINAL_FILES_MOVED_OR_RENAMED=0
OCR_RUN=0
PDF_REPAIR_RUN=0
SOURCE_REACQUISITION_RUN=0
DOC_TO_PDF_CONVERSION_RUN=0
NEW_DOC_EXTRACTION_BACKEND_INSTALLED=0
FORMAL_G6_ARTIFACTS_GENERATED=0
G6_15_RUN=0
G6_25_RUN=0
G6_INT_RUN=0
G7_RUN=0
DUPLICATE_ELIGIBILITY_ROWS=0
IDEMPOTENCY_PASS=1
G6_00H_RUN_STATUS=PASS
