STAGE=G6-00E-R2
STATUS=PASS
BRANCH=library-refactor-v1
HEAD=a042ecf898feaba6fc81d543a10e0188db8b2b12
PYTHON_EXECUTABLE=D:\python\python.exe
PYTHON_VERSION=3.13.15
PDF_INSPECTOR_VERSION=1.15.0
POPPLER_VERSION=25.02.0
PILOT_PDF_FILES=29
PILOT_UNIQUE_PAPERS=28
PILOT_MULTI_FILE_PAPERS=1
PILOT_FILES_WITH_FORMAL_PAPER_ID=29
PILOT_FILES_WITHOUT_FORMAL_PAPER_ID=0
G6_FILE_SOURCE_MAP_ROWS=29
G6_PAPER_ARTIFACT_MAP_ROWS=28
DUPLICATE_PAPER_ENTITIES=0
DUPLICATE_FILE_MEMBERSHIPS=0
MULTI_FILE_PAPERS=1
ORIGINAL_EXTRACTION_FILE_ROWS=22
Q2_READABLE_EXTRACTION_FILE_ROWS=7
AUTHORITY_SOURCE_SHA_MISMATCH=0
EXTRACTION_INPUT_SHA_MISMATCH=0
READABLE_SHA_MISMATCH=0
Q2_PROVENANCE_COMPLETE=7
Q2_PROVENANCE_MISSING=0
Q0_Q1_NATIVE_MARKDOWN_SMOKE_FILES=2
Q0_Q1_NATIVE_MARKDOWN_SMOKE_FAILURES=0
Q2_PAGE_AUDIT_ROWS=516
Q2_TOTAL_PAGES=516
FINAL_TEXT_PAGES=508
FINAL_VERIFIED_BLANK_PAGES=4
FINAL_IMAGE_ONLY_CONTENT_PAGES=4
FINAL_UNEXPLAINED_PAGES=0
GARBLED_RECONCILIATION_ROWS=8
GARBLED_FLAGGED_PAGES=8
UNRESOLVED_GARBLED_PAGES=0
FILES_WITH_SYSTEMATIC_TEXT_LOSS=0
EXTRACTION_CONTRACT_VALID=1
EXTRACTION_CONTRACT_FROZEN=1
EXTRACTION_CONTRACT_MODIFIED=0
EXPECTED_PRIMARY_G6_ARTIFACTS=84
FORMAL_G6_ARTIFACTS_GENERATED=0
FULL_516_PAGE_EXTRACTION_RERUN=0
OCR_RUN=0
PDF_REPAIR_RUN=0
IMAGE_REPAIR_RUN=0
SOURCE_REACQUISITION_RUN=0
FORMAL_MARKDOWN_GENERATION_RUN=0
FORMAL_METADATA_GENERATION_RUN=0
FORMAL_KNOWLEDGE_CARD_GENERATION_RUN=0
G6_15_RUN=0
G6_25_RUN=0
G6_INT_RUN=0
G1_CATALOG_MODIFIED=0
G2_CATALOG_MODIFIED=0
G3_IDENTITY_MODIFIED=0
G3_MEMBERSHIP_MODIFIED=0
G4_OUTPUT_MODIFIED=0
G5_OUTPUT_MODIFIED=0
G5_REPAIR_MANIFEST_MODIFIED=0
G5_OCR_DERIVATIVES_MODIFIED=0
G6_00F_HISTORY_MODIFIED=0
G6_00G_HISTORY_MODIFIED=0
G6_00GR_HISTORY_MODIFIED=0
G6_00ER_HISTORY_MODIFIED=0
G3_15R_HISTORY_MODIFIED=0
ORIGINAL_FILES_MODIFIED=0
ORIGINAL_FILES_DELETED=0
ORIGINAL_FILES_MOVED_OR_RENAMED=0
DUPLICATE_FILE_SOURCE_MAP_ROWS=0
DUPLICATE_PAPER_ARTIFACT_MAP_ROWS=0
IDEMPOTENCY_PASS=1
G6_00ER2_RUN_STATUS=PASS
