STAGE=G6-00D
STATUS=BLOCKED
BRANCH=library-refactor-v1
HEAD=a042ecf898feaba6fc81d543a10e0188db8b2b12
PYTHON_EXECUTABLE=D:\python\python.exe
PYTHON_VERSION=3.13.15
PIP_VERSION=26.2.1
PDF_INSPECTOR_INSTALLED=1
PDF_INSPECTOR_VERSION=1.15.0
PDF_INSPECTOR_MODULE_PATH=D:\python\Lib\site-packages\pdf_inspector\__init__.py
PDF_INSPECTOR_IMPORT_SUCCESS=1
PDF_INSPECTOR_API_VERIFIED=1
PDF_INSPECTOR_EXTRACTION_ENTRYPOINT=process_pdf + extract_pages_markdown + extract_text
DEPENDENCY_INSTALL_RUN=0
DEPENDENCY_CACHE_REUSED=1
SMOKE_A_PAPER_ID=CUMCM-2015-A-007
SMOKE_A_SOURCE_PATH=2015年数学建模国赛真题+优秀论文/2015年优秀论文/2015A：太阳影子定位 (1).pdf
SMOKE_A_SOURCE_SHA256=F3D4B18A4D728686016DC5452CD59D787744190141D355AF865F2892AD34BC6D
SMOKE_A_PROCESS_SUCCESS=1
SMOKE_A_MARKDOWN_NONEMPTY=1
SMOKE_A_TEXT_CHARS=36203
SMOKE_A_GARBLED=0
SMOKE_B_PAPER_ID=unknown
SMOKE_B_ORIGINAL_PATH=2025年数学建模国赛真题+优秀论文/2025数学建模国赛优秀论文/A066.pdf
SMOKE_B_ORIGINAL_SHA256=9C14EAB19304FE45A36E45A965FA740E2636690630ECD8528335D4E4AEC3E2D4
SMOKE_B_EXTRACTION_INPUT_PATH=derived/pilot/pdf_ocr/2025/A066.readable.pdf
SMOKE_B_EXTRACTION_INPUT_SHA256=DE5A8EFC16F27962652645721EA0C799603DA93CEAD0ED5673B44AB8946778F4
SMOKE_B_PROCESS_SUCCESS=1
SMOKE_B_MARKDOWN_NONEMPTY=0
SMOKE_B_TEXT_CHARS=97497
SMOKE_B_GARBLED=0
FORMAL_G6_ARTIFACTS_GENERATED=0
OCR_RUN=0
PDF_REPAIR_RUN=0
IMAGE_REPAIR_RUN=0
SOURCE_REACQUISITION_RUN=0
FORMAL_MARKDOWN_GENERATION_RUN=0
FORMAL_METADATA_GENERATION_RUN=0
FORMAL_KNOWLEDGE_CARD_GENERATION_RUN=0
G6_15_RUN=0
G6_25_RUN=0
G6_INT_RUN=0
SOURCE_SHA_MISMATCH=0
G5_OCR_DERIVATIVES_MODIFIED=0
G1_CATALOG_MODIFIED=0
G2_CATALOG_MODIFIED=0
G3_CATALOG_MODIFIED=0
G4_OUTPUT_MODIFIED=0
G5_OUTPUT_MODIFIED=0
ORIGINAL_FILES_MODIFIED=0
ORIGINAL_FILES_DELETED=0
ORIGINAL_FILES_MOVED_OR_RENAMED=0
IDEMPOTENCY_PASS=1
