STAGE=G6-00H-R
STATUS=PASS
BRANCH=library-refactor-v1
HEAD=a042ecf898feaba6fc81d543a10e0188db8b2b12
PYTHON_EXECUTABLE=D:\python\python.exe
PYTHON_VERSION=3.13.15
TARGET_REVIEW_CANDIDATES=5
TARGET_ROWS=5
TARGET_SUBJECT_TYPE_RESOLVED=5
TARGET_SUBJECT_TYPE_AMBIGUOUS=0
TARGET_ARTIFACT_ELIGIBILITY_RESOLVED=5
TARGET_PAPER_COUNT=0
TARGET_PROBLEM_PACKAGE_COUNT=5
TARGET_SUPPORTING_MATERIAL_COUNT=0
TARGET_AMBIGUOUS_COUNT=0
TARGET_ARTIFACT_ELIGIBLE_COUNT=0
TARGET_ARTIFACT_INELIGIBLE_COUNT=5
TARGETS_FORM_A_E_PROBLEM_SET=1
PILOT_UNIQUE_IDENTITIES=28
PILOT_ARTIFACT_ELIGIBLE_ENTITIES=22
PILOT_ARTIFACT_INELIGIBLE_ENTITIES=6
PILOT_AMBIGUOUS_ENTITIES=0
EXPECTED_PAPER_ARTIFACT_SETS=22
EXPECTED_PRIMARY_G6_ARTIFACTS=66
G6_PAPER_ARTIFACT_MAP_R2_ROWS=28
PAPER_ARTIFACT_MAP_R2_UNKNOWN_ELIGIBILITY=0
PAPER_ARTIFACT_MAP_R2_EXPECTED_ARTIFACT_SUM=66
ELIGIBILITY_REVIEWED_ROWS=6
REMAINING_ELIGIBILITY_REVIEW_CANDIDATES=0
DUPLICATE_ELIGIBILITY_ROWS=0
DUPLICATE_ELIGIBILITY_PAPER_IDS=0
DUPLICATE_PAPER_ARTIFACT_MAP_R2_ROWS=0
SOURCE_SHA_MISMATCH=0
G1_CATALOG_MODIFIED=0
G2_CATALOG_MODIFIED=0
G3_IDENTITY_MODIFIED=0
G3_MEMBERSHIP_MODIFIED=0
G4_OUTPUT_MODIFIED=0
G5_OUTPUT_MODIFIED=0
G5_REPAIR_MANIFEST_MODIFIED=0
G5_OCR_DERIVATIVES_MODIFIED=0
G6_FILE_SOURCE_MAP_MODIFIED=0
G6_HISTORY_MODIFIED=0
ORIGINAL_FILES_MODIFIED=0
ORIGINAL_FILES_DELETED=0
ORIGINAL_FILES_MOVED_OR_RENAMED=0
OCR_RUN=0
PDF_REPAIR_RUN=0
SOURCE_REACQUISITION_RUN=0
DOC_TO_PDF_CONVERSION_RUN=0
NEW_EXTRACTION_BACKEND_INSTALLED=0
FULL_PILOT_EXTRACTION_RUN=0
FORMAL_G6_ARTIFACTS_GENERATED=0
G6_15_RUN=0
G6_25_RUN=0
G6_INT_RUN=0
G7_RUN=0
IDEMPOTENCY_PASS=1
G6_00HR_RUN_STATUS=PASS
