[2026-08-21T23:47:23+08:00] G6-00G-R run started
RUN_STATUS=READY_FOR_IDEMPOTENCY
GARBLED_FLAGGED_PAGES=8 RECONCILIATION_ROWS=8 UNRESOLVED_GARBLED_PAGES=0
PDF_INSPECTOR_VERSION=1.15.0 POPPLER_VERSION=25.02.0 TARGET_PAGES_ONLY=1 FULL_516_PAGE_EXTRACTION_RERUN=0
COMPLETED=2026-08-21T23:47:32+08:00
[2026-08-21T23:48:05+08:00] G6-00G-R run started
RUN_STATUS=PASS
GARBLED_FLAGGED_PAGES=8 RECONCILIATION_ROWS=8 UNRESOLVED_GARBLED_PAGES=0
PDF_INSPECTOR_VERSION=1.15.0 POPPLER_VERSION=25.02.0 TARGET_PAGES_ONLY=1 FULL_516_PAGE_EXTRACTION_RERUN=0
COMPLETED=2026-08-21T23:48:13+08:00
[2026-08-22T00:04:29+08:00] G6-00G-R run started
G6_00GRF_RUN_STATUS=BLOCKED
GARBLED_FLAGGED_PAGES=8 RECONCILIATION_ROWS=8 UNRESOLVED_GARBLED_PAGES=0
PDF_INSPECTOR_VERSION=1.15.0 POPPLER_VERSION=25.02.0 TARGET_PAGES_ONLY=1 FULL_516_PAGE_EXTRACTION_RERUN=0
COMPLETED=2026-08-22T00:04:39+08:00
[2026-08-22T00:05:37+08:00] G6-00G-R run started
G6_00GRF_RUN_STATUS=BLOCKED
GARBLED_FLAGGED_PAGES=8 RECONCILIATION_ROWS=8 UNRESOLVED_GARBLED_PAGES=0
PDF_INSPECTOR_VERSION=1.15.0 POPPLER_VERSION=25.02.0 TARGET_PAGES_ONLY=1 FULL_516_PAGE_EXTRACTION_RERUN=0
COMPLETED=2026-08-22T00:05:47+08:00
[2026-08-22T00:06:25+08:00] G6-00G-R run started
G6_00GRF_RUN_STATUS=READY_FOR_IDEMPOTENCY
GARBLED_FLAGGED_PAGES=8 RECONCILIATION_ROWS=8 UNRESOLVED_GARBLED_PAGES=0
PDF_INSPECTOR_VERSION=1.15.0 POPPLER_VERSION=25.02.0 TARGET_PAGES_ONLY=1 FULL_516_PAGE_EXTRACTION_RERUN=0
COMPLETED=2026-08-22T00:06:36+08:00
[2026-08-22T00:06:52+08:00] G6-00G-R run started
G6_00GRF_RUN_STATUS=PASS
GARBLED_FLAGGED_PAGES=8 RECONCILIATION_ROWS=8 UNRESOLVED_GARBLED_PAGES=0
PDF_INSPECTOR_VERSION=1.15.0 POPPLER_VERSION=25.02.0 TARGET_PAGES_ONLY=1 FULL_516_PAGE_EXTRACTION_RERUN=0
COMPLETED=2026-08-22T00:07:01+08:00
