STAGE=G6-PILOT-AUTO-R
STATUS=BLOCKED
STOPPED_AT_STAGE=G6-AUTO-00
LAST_COMPLETED_STAGE=G6-00E-R2
BRANCH=library-refactor-v1
HEAD=a042ecf898feaba6fc81d543a10e0188db8b2b12
PYTHON_EXECUTABLE=D:\python\python.exe
PYTHON_VERSION=3.13.15
PDF_INSPECTOR_VERSION=1.15.0
POPPLER_VERSION=25.02.0
PILOT_PDF_FILES=29
PILOT_UNIQUE_PAPERS=28
PILOT_MULTI_FILE_PAPERS=1
G6_FILE_SOURCE_MAP_ROWS=29
G6_PAPER_ARTIFACT_MAP_ROWS=28
G6_15_TARGET_PAPERS=16
G6_25_TARGET_PAPERS=12
PAPERS_WITH_UNRESOLVED_ARTIFACT_SOURCE=1
NON_PDF_PRIMARY_MEMBERS=1
NON_PDF_PRIMARY_WITH_VALID_ARTIFACT_STRATEGY=0
NON_PDF_PRIMARY_WITHOUT_VALID_ARTIFACT_STRATEGY=1
MULTI_FILE_PAPER_COUNT=1
MULTI_FILE_PAPER_ARTIFACT_STRATEGY_VALID=0
AUTHORITY_SOURCE_SHA_MISMATCH=0
G5_READABLE_SHA_MISMATCH=0
Q2_TARGET_PAPERS=7
Q2_PAGE_AUDIT_ROWS=516
Q2_TOTAL_PAGES=516
Q2_TEXT_PAGES=508
Q2_VERIFIED_BLANK_PAGES=4
Q2_IMAGE_ONLY_CONTENT_PAGES=4
Q2_UNEXPLAINED_PAGES=0
Q2_UNRESOLVED_GARBLED_PAGES=0
G6_15_PAPER_MD_COUNT=0
G6_15_METADATA_COUNT=0
G6_15_KNOWLEDGE_CARD_COUNT=0
G6_15_PRIMARY_ARTIFACT_COUNT=0
G6_15_STATUS=NOT_RUN
G6_25_PAPER_MD_COUNT=0
G6_25_METADATA_COUNT=0
G6_25_KNOWLEDGE_CARD_COUNT=0
G6_25_PRIMARY_ARTIFACT_COUNT=0
G6_25_STATUS=NOT_RUN
FINAL_PAPER_ARTIFACT_SETS=0
FINAL_PAPER_MD_COUNT=0
FINAL_METADATA_COUNT=0
FINAL_KNOWLEDGE_CARD_COUNT=0
FINAL_PRIMARY_G6_ARTIFACTS=0
EXPECTED_PAPER_ARTIFACT_SETS=28
EXPECTED_PRIMARY_G6_ARTIFACTS=84
G6_ARTIFACT_MANIFEST_ROWS=0
G6_PAPER_STATUS_ROWS=0
DUPLICATE_PAPER_DIRECTORIES=0
MISSING_PAPER_DIRECTORIES=28
UNKNOWN_PAPER_DIRECTORIES=0
EMPTY_PAPER_MD=0
PAPER_MD_WITH_RUNTIME_ERROR=0
METADATA_PARSE_FAILURES=0
METADATA_PROVENANCE_FAILURES=0
KNOWLEDGE_CARD_EMPTY=0
KNOWLEDGE_CARD_TEMPLATE_PLACEHOLDERS=0
KNOWLEDGE_CARD_UNSUPPORTED_CLAIMS=0
KNOWLEDGE_CARD_FAKE_PAGE_REFERENCES=0
ARTIFACT_SHA_MISSING=0
ARTIFACT_PATH_MISSING=0
OCR_RUN=0
PDF_REPAIR_RUN=0
IMAGE_REPAIR_RUN=0
SOURCE_REACQUISITION_RUN=0
NEW_EXTRACTION_BACKEND_INSTALLED=0
DOC_TO_PDF_CONVERSION_RUN=0
G1_CATALOG_MODIFIED=0
G2_DUPLICATE_FACTS_MODIFIED=0
G2_CATALOG_MODIFIED=0
G3_IDENTITY_MODIFIED=0
G3_MEMBERSHIP_MODIFIED=0
G4_OUTPUT_MODIFIED=0
G5_OUTPUT_MODIFIED=0
G5_REPAIR_MANIFEST_MODIFIED=0
G5_OCR_DERIVATIVES_MODIFIED=0
G6_PREVIOUS_HISTORY_MODIFIED=0
ORIGINAL_FILES_MODIFIED=0
ORIGINAL_FILES_DELETED=0
ORIGINAL_FILES_MOVED_OR_RENAMED=0
DUPLICATE_ARTIFACTS_CREATED=0
DUPLICATE_MANIFEST_ROWS=0
DUPLICATE_PAPER_STATUS_ROWS=0
UNCHANGED_INPUT_ARTIFACT_HASH_DRIFT=0
IDEMPOTENCY_PASS=0
G6_PILOT_AUTO_R_RUN_STATUS=BLOCKED
