STAGE=G7-PILOT
STATUS=PASS
STOPPED_AT_STAGE=NONE
LAST_COMPLETED_STAGE=G7-INT
BRANCH=library-refactor-v1
HEAD=a042ecf898feaba6fc81d543a10e0188db8b2b12
PYTHON_EXECUTABLE=D:\python\python.exe
PYTHON_VERSION=3.13.15
PILOT_UNIQUE_IDENTITIES=28
ELIGIBLE_PAPER_ROWS=22
INELIGIBLE_ENTITY_ROWS=6
UNKNOWN_ELIGIBILITY_ROWS=0
G6_ARTIFACT_MANIFEST_R2_ROWS=66
G6_PAPER_STATUS_R2_ROWS=22
SOURCE_PATH_MISSING=0
SOURCE_SHA_MISMATCH=0
READABLE_SHA_MISMATCH=0
ARTIFACT_PATH_MISSING=0
ARTIFACT_SHA_MISMATCH=0
G7_PAPER_INDEX_ROWS=22
G7_PAPER_INDEX_JSONL_ROWS=22
UNIQUE_INDEX_PAPER_IDS=22
DUPLICATE_INDEX_PAPER_IDS=0
INDEX_2015_PAPERS=15
INDEX_2025_PAPERS=7
INDEX_PROBLEM_ACCOUNTING_SUM=22
INDEX_ELIGIBLE_PAPERS=22
INDEX_INELIGIBLE_PAPERS=0
EXCLUDED_IDENTITY_COUNT=6
ELIGIBLE_PAPERS_MISSING_FROM_INDEX=0
ELIGIBLE_PAPERS_DUPLICATED_IN_INDEX=0
INELIGIBLE_ENTITIES_IN_PAPER_INDEX=0
INDEX_ARTIFACT_LINK_MISSING=0
INDEX_ARTIFACT_LINK_DUPLICATE=0
INDEX_ARTIFACT_SHA_MISMATCH=0
INDEX_METADATA_ID_MISMATCH=0
INDEX_METADATA_YEAR_MISMATCH=0
INDEX_METADATA_PROBLEM_MISMATCH=0
INDEX_METADATA_ELIGIBILITY_MISMATCH=0
INDEX_METADATA_PROVENANCE_MISMATCH=0
METADATA_G3_IDENTITY_MISSING=0
METADATA_G3_MEMBERSHIP_MISSING=0
PAPER_MD_MISSING=0
PAPER_MD_EMPTY=0
PAPER_MD_ENCODING_FAILURES=0
PAPER_MD_RUNTIME_ERROR_MARKERS=0
PAPER_MD_TODO_MARKERS=0
MARKDOWN_UNCLOSED_FENCES=0
MARKDOWN_STRUCTURAL_FAILURES=0
Q2_TARGET_PAPERS=7
Q2_TOTAL_PAGES=516
Q2_TEXT_PAGES=508
Q2_VERIFIED_BLANK_PAGES=4
Q2_IMAGE_ONLY_CONTENT_PAGES=4
Q2_PAGE_ZERO_PRESENT=0
Q2_PAGE_ORDER_FAILURES=0
Q2_DUPLICATE_SOURCE_PAGES=0
Q2_PAGE_GAPS=0
Q2_PAGE_ACCOUNTING_MISMATCH=0
Q2_BLANK_MARKER_MISMATCH=0
Q2_IMAGE_ONLY_MARKER_MISMATCH=0
FALSE_PAGE_LEVEL_PROVENANCE=0
KNOWLEDGE_CARD_MISSING=0
KNOWLEDGE_CARD_EMPTY=0
KNOWLEDGE_CARD_ID_MISMATCH=0
KNOWLEDGE_CARD_PLACEHOLDER_FAILURES=0
KNOWLEDGE_CARD_UNSUPPORTED_METHODS=0
KNOWLEDGE_CARD_UNSUPPORTED_NUMERIC_CLAIMS=0
KNOWLEDGE_CARD_BROKEN_PAGE_REFERENCES=0
KNOWLEDGE_CARD_FAKE_PAGE_REFERENCES=0
BROKEN_LOCAL_PATHS=0
BROKEN_ARTIFACT_LINKS=0
BROKEN_SOURCE_LINKS=0
ABSOLUTE_PATHS_IN_INDEX=0
PATHS_OUTSIDE_PROJECT_ROOT=0
SEARCH_SMOKE_CASES=37
SEARCH_SMOKE_FAILURES=0
INELIGIBLE_SEARCH_RESULT_LEAKS=0
G7_PAPER_QA_ROWS=22
G7_ARTIFACT_QA_ROWS=66
G7_EXCLUDED_ENTITY_ROWS=6
PAPER_QA_FAILURES=0
ARTIFACT_QA_FAILURES=0
INDEX_Q0_PAPERS=12
INDEX_Q1_PAPERS=3
INDEX_Q2_PAPERS=7
INDEX_OTHER_Q_PAPERS=0
INDEX_ORDER_STABLE=1
PAPER_MD_MODIFIED=0
METADATA_MODIFIED=0
KNOWLEDGE_CARD_MODIFIED=0
G1_CATALOG_MODIFIED=0
G2_CATALOG_MODIFIED=0
G3_IDENTITY_MODIFIED=0
G3_MEMBERSHIP_MODIFIED=0
G4_OUTPUT_MODIFIED=0
G5_OUTPUT_MODIFIED=0
G6_ARTIFACTS_MODIFIED=0
G6_MANIFEST_MODIFIED=0
G6_STATUS_CATALOG_MODIFIED=0
G6_ELIGIBILITY_MODIFIED=0
PREVIOUS_STAGE_HISTORY_MODIFIED=0
ORIGINAL_FILES_MODIFIED=0
ORIGINAL_FILES_DELETED=0
ORIGINAL_FILES_MOVED_OR_RENAMED=0
OCR_RUN=0
PDF_REPAIR_RUN=0
IMAGE_REPAIR_RUN=0
SOURCE_REACQUISITION_RUN=0
FORMAL_G6_ARTIFACT_GENERATION_RUN=0
NEW_EXTRACTION_BACKEND_INSTALLED=0
EMBEDDING_GENERATION_RUN=0
VECTOR_DATABASE_CREATED=0
G8_RUN=0
DUPLICATE_G7_INDEX_ROWS=0
DUPLICATE_G7_PAPER_QA_ROWS=0
DUPLICATE_G7_ARTIFACT_QA_ROWS=0
UNCHANGED_INPUT_G7_HASH_DRIFT=0
IDEMPOTENCY_PASS=1
G7_PILOT_RUN_STATUS=PASS
