[2026-08-20T11:28:59+0800] [INFO] G4-15 2015 PDF Audit started
[2026-08-20T11:28:59+0800] [INFO] Expected 2015 PDFs: 17
[2026-08-20T11:29:00+0800] [INFO] Source SHA mismatch: 0
[2026-08-20T11:29:00+0800] [INFO]   Auditing: 2015年数学建模国赛真题+优秀论文/2015年优秀论文/2015A：太阳影子定位 (1).pdf
[2026-08-20T11:29:00+0800] [INFO]   Auditing: 2015年数学建模国赛真题+优秀论文/2015年优秀论文/2015A：太阳影子定位 (2).pdf
[2026-08-20T11:29:00+0800] [INFO]   Auditing: 2015年数学建模国赛真题+优秀论文/2015年优秀论文/2015A：太阳影子定位 (3).pdf
[2026-08-20T11:29:00+0800] [INFO]   Auditing: 2015年数学建模国赛真题+优秀论文/2015年优秀论文/2015A：太阳影子定位 (4).pdf
[2026-08-20T11:29:00+0800] [INFO]   Auditing: 2015年数学建模国赛真题+优秀论文/2015年优秀论文/2015A：太阳影子定位 (5).pdf
[2026-08-20T11:29:00+0800] [INFO]   Auditing: 2015年数学建模国赛真题+优秀论文/2015年优秀论文/2015A：太阳影子定位 (6).pdf
[2026-08-20T11:29:00+0800] [INFO]   Auditing: 2015年数学建模国赛真题+优秀论文/2015年优秀论文/2015A：太阳影子定位 (7).pdf
[2026-08-20T11:29:00+0800] [INFO]   Auditing: 2015年数学建模国赛真题+优秀论文/2015年优秀论文/2015B：互联网+_时代的出租车资源配置 (1).pdf
[2026-08-20T11:29:00+0800] [INFO]   Auditing: 2015年数学建模国赛真题+优秀论文/2015年优秀论文/2015B：互联网+_时代的出租车资源配置 (2).pdf
[2026-08-20T11:29:00+0800] [INFO]   Auditing: 2015年数学建模国赛真题+优秀论文/2015年优秀论文/2015B：互联网+_时代的出租车资源配置 (3).pdf
[2026-08-20T11:29:00+0800] [INFO]   Auditing: 2015年数学建模国赛真题+优秀论文/2015年优秀论文/2015B：互联网+_时代的出租车资源配置 (4).pdf
[2026-08-20T11:29:00+0800] [INFO]   Auditing: 2015年数学建模国赛真题+优秀论文/2015年优秀论文/2015B：互联网+_时代的出租车资源配置 (5).pdf
[2026-08-20T11:29:00+0800] [INFO]   Auditing: 2015年数学建模国赛真题+优秀论文/2015年优秀论文/2015C：月上柳梢头，人约黄昏后 (3).pdf
[2026-08-20T11:29:01+0800] [INFO]   Auditing: 2015年数学建模国赛真题+优秀论文/2015年优秀论文/2015C：月上柳梢头，人约黄昏后 (4).pdf
[2026-08-20T11:29:01+0800] [INFO]   Auditing: 2015年数学建模国赛真题+优秀论文/2015年优秀论文/2015D：众筹筑屋规划方案设计 (3).pdf
[2026-08-20T11:29:01+0800] [INFO]   Auditing: 2015年数学建模国赛真题+优秀论文/2015年赛题/2015年国赛D题附件2 中华人民共和国土地增值税暂行条例.pdf
[2026-08-20T11:29:01+0800] [INFO]   Auditing: 2015年数学建模国赛真题+优秀论文/2015年赛题/2015年国赛D题附件3 其他相关说明.pdf
[2026-08-20T11:29:01+0800] [INFO] Written 17 rows to D:\cumcm-modeling-Award-Collection\catalog\pilot\pdf_audit_2015.csv
[2026-08-20T11:29:01+0800] [INFO] Written 3 rows to D:\cumcm-modeling-Award-Collection\catalog\pilot\pdf_review_2015.csv
[2026-08-20T11:29:01+0800] [INFO] Audit rows: 17
[2026-08-20T11:29:01+0800] [INFO] Unique SHA: 17, Cache reused: 0
[2026-08-20T11:29:01+0800] [INFO] Classification success: 17, failed: 0
[2026-08-20T11:29:01+0800] [INFO] Type counts: {'text_based': 14, 'mixed': 3}
[2026-08-20T11:29:01+0800] [INFO] Total pages: 480, OCR routed: 12
[2026-08-20T11:29:01+0800] [INFO] Page zero: 0, Out of range: 0
[2026-08-20T11:29:01+0800] [INFO] Visual review required: 3, not required: 14