STAGE=G4-INT
RUNNER=tools/18_g4_int_integrate_pilot.py
INPUTS=catalog/pilot/pdf_audit_2015.csv,catalog/pilot/pdf_review_2015.csv,catalog/pilot/pdf_audit_2025.csv,catalog/pilot/pdf_review_2025.csv
AUDIT_ROWS=29
UNIQUE_AUDITED_FILE_PATHS=29
MISSING_AUDIT_ROWS=0
EXTRA_AUDIT_ROWS=0
DUPLICATE_AUDIT_ROWS=0
AUDIT_SCHEMA_COMPATIBLE=1
REVIEW_SCHEMA_COMPATIBLE=1
SOURCE_SHA_MISMATCH=0
UNIQUE_PDF_SHA256=29
TEXT_BASED=19
SCANNED=0
IMAGE_BASED=7
MIXED=3
TOTAL_PAGE_COUNT=1004
TOTAL_OCR_ROUTED_PAGES=528
VISUAL_REVIEW_REQUIRED=10
FINAL_Q_ASSIGNED=0
FINAL_Q_UNASSIGNED=29
DIRECT_PDF_TYPE_TO_FINAL_Q_MAPPING=0
G4_15_OUTPUT_MODIFIED=0
G4_25_OUTPUT_MODIFIED=0
G1_CATALOG_MODIFIED=0
G2_CATALOG_MODIFIED=0
G3_CATALOG_MODIFIED=0
DIRECT_MAPPING_EVIDENCE=No direct PDF type/routing to Final Q mapping evidence detected
ISSUES=NONE
STATUS=PASS
BLOCKER=NONE
