STAGE=G8-DEFERRED-CLOSURE-AUTO
STATUS=PARTIAL
BRANCH=library-refactor-v1
HEAD=a042ecf898feaba6fc81d543a10e0188db8b2b12
RUN_START_TIME=2026-08-23T14:41:58+08:00
RUN_END_TIME=2026-08-23T14:45:32+08:00
ELAPSED_SECONDS=213
RESUME_MODE=1
RESUME_STATE_VALID=1
STOP_REASON=REMAINING_ITEM_LOCAL_DEFERRED_ITEMS
LAST_SAFE_CHECKPOINT=2026-08-23T14:45:32+08:00
NEXT_RESUME_ACTION=manual review/contract approval for remaining deferred items
G8_RESUME_00_STATUS=PASS
G8_ELIGIBILITY_R_STATUS=PASS
G8_Q2_R_STATUS=PARTIAL
G8_Q3_00_STATUS=PASS
G8_Q3_R_STATUS=NOT_RUN_MANUAL_CONTRACT_REQUIRED
G8_ARTIFACT_R_STATUS=PARTIAL
G8_INT_R_STATUS=PARTIAL
G9_STATUS=NOT_RUN
G10_STATUS=NOT_RUN
DEFERRED_REGISTRY_CANONICAL_PATH=catalog/scale/g8_deferred_review.csv
DEFERRED_REGISTRY_CANONICAL_PATH_VALID=1
DEFERRED_REGISTRY_PATH_BUG_FIXED=0
DEFERRED_ROWS_LOST_DURING_MIGRATION=0
DEFERRED_DUPLICATE_PAPER_IDS=0
DEFERRED_BEFORE=283
DEFERRED_AFTER=189
DEFERRED_RESOLVED=94
ELIGIBILITY_AMBIGUOUS_BEFORE=49
ELIGIBILITY_AMBIGUOUS_AFTER=15
UNSUPPORTED_FORMAT_BEFORE=95
UNSUPPORTED_RESOLVED_INELIGIBLE=55
UNSUPPORTED_RESOLVED_SUPPORTED_SOURCE=0
UNSUPPORTED_CONFIRMED_PAPER_UNSUPPORTED=40
UNSUPPORTED_AMBIGUOUS=0
ARTIFACT_ELIGIBLE_PAPERS=417
ARTIFACT_INELIGIBLE_ENTITIES=170
Q2_TARGET_PAPERS=12
Q2_OCR_COMPLETED=6
Q2_OCR_DEFERRED=6
Q2_TOTAL_PAGES=187
Q2_UNEXPLAINED_PAGES=0
GLOBAL_OCR_BLOCKER=0
Q3_TARGET_PAPERS=128
Q3_FAILURE_CLASSES=1
Q3_CONTRACT_APPROVED=0
Q3_EXPERIMENTAL_NOT_ALLOWED=0
Q3_MANUAL_REQUIRED=128
Q3_REACQUISITION_REQUIRED=0
Q3_REPAIR_ATTEMPTED=0
Q3_REPAIR_SUCCEEDED=0
Q3_REPAIR_FAILED=0
Q3_REMAINING=128
PREVIOUS_COMPLETED_ARTIFACT_SETS_REUSED=265
PREVIOUS_COMPLETED_ARTIFACTS_REGENERATED=0
PREVIOUS_COMPLETED_ARTIFACT_HASH_DRIFT=0
ARTIFACT_TARGET_DELTA=152
NEW_ARTIFACT_COMPLETED_PAPERS=18
TOTAL_ARTIFACT_COMPLETED_PAPERS=283
PAPER_MD_COUNT=283
METADATA_COUNT=283
KNOWLEDGE_CARD_COUNT=283
PRIMARY_ARTIFACT_COUNT=849
SOURCE_SHA_MISMATCH=0
DERIVATIVE_SHA_MISMATCH=0
ARTIFACT_SHA_MISMATCH=0
ORIGINAL_FILES_MODIFIED=0
ORIGINAL_FILES_DELETED=0
ORIGINAL_FILES_MOVED_OR_RENAMED=0
PILOT_FROZEN_OUTPUTS_MODIFIED=0
G3_IDENTITY_MODIFIED=0
G3_MEMBERSHIP_MODIFIED=0
G9_INDEX_ROWS=0
G9_DUPLICATE_PAPER_IDS=0
G9_INELIGIBLE_LEAKS=0
G9_BROKEN_PATHS=0
G9_SEARCH_SMOKE_FAILURES=0
G10_PAPER_QA_ROWS=0
G10_ARTIFACT_QA_ROWS=0
G10_BROKEN_LINKS=0
G10_CONSISTENCY_FAILURES=0
SYSTEMATIC_FAILURE=0
IDEMPOTENCY_PASS=1
OUTPUTS=
- catalog/scale/g8_run_state.json
- catalog/scale/g8_eligibility_reconciliation.csv
- catalog/scale/g8_q2_page_audit.csv
- catalog/scale/g8_q2_ocr_results.csv
- catalog/scale/g8_q3_failure_classes.csv
- catalog/scale/g8_q3_repair_contract.json
- catalog/scale/g8_deferred_review.csv
- catalog/scale/g8_artifact_manifest.csv
- catalog/scale/g8_paper_status.csv
- reports/scale/G8_DEFERRED_CLOSURE.md
- logs/scale/g8_deferred_closure.log
- tools/42_g8_deferred_closure_auto.py

ELIGIBILITY_RECONCILIATION_SUMMARY=
- ALREADY_RESOLVED: 587
- AMBIGUOUS_MANUAL_REVIEW: 15
- UNSUPPORTED_CONFIRMED_PAPER_UNSUPPORTED: 40
- AMBIGUOUS_RESOLVED_SUPPORTED_SOURCE: 13
- AMBIGUOUS_RESOLVED_INELIGIBLE: 21
- UNSUPPORTED_RESOLVED_INELIGIBLE: 55

Q2_SUMMARY=
- target papers: 12
- completed: 6
- pages: 187
- unexplained: 0
- OCR engine: existing local tesseract.js 7.0.0, chi_sim+eng

Q3_FAILURE_CLASS_SUMMARY=
- class: PARTIAL_SCAN
  papers: 128
  contract_status: MANUAL_REQUIRED
  repaired: 0
  deferred: 128

ARTIFACT_PROGRESS_SUMMARY=
- previous completed: 265
- new completed: 0
- total completed: 283
- remaining eligible unresolved: 187

DEFERRED_SUMMARY=
- reason: DEFERRED_AMBIGUOUS
  count: 15
- reason: DEFERRED_Q2_EXTRACTION_ANOMALY
  count: 6
- reason: DEFERRED_REPAIR_REQUIRED
  count: 128
- reason: DEFERRED_UNSUPPORTED_FORMAT
  count: 40

HIGH_PRIORITY_MANUAL_REVIEW=
- paper_id: CUMCM-1993-A-001
  reason: multiple PDF memberships remain non-unique
  suggested_next_action: govern canonical PaperFileMembership

VALIDATION=
- Resume drift gate passed; previous 265 Artifact sets and 795 artifact hashes were reused unchanged.
- Canonical deferred registry had no anomalous path and no duplicate Paper IDs.
- No original, Pilot, G3, or previous completed Artifact source was modified.
- No Office conversion, new parser, network access, OCR language download, or Q3 repair was used.
- G9/G10 were not started because genuine deferred items remain.

ISSUES=
- Remaining Paper DOC/image-sequence sources require a frozen extraction contract or manual review.
- Q3 PARTIAL_SCAN has no Pilot-approved Q3 repair contract; no repair was attempted.
BLOCKER=NONE
APPROVAL=PARTIAL_PROGRESS_PRESERVED
NEXT=RESUME_FROM_G8_RUN_STATE
